InitialPriceCalculatorTest:testCalculateInitialSqrtPriceX96AtFourToOne() (gas: 9929)
InitialPriceCalculatorTest:testCalculateInitialSqrtPriceX96AtOneToFour() (gas: 11564)
InitialPriceCalculatorTest:testCalculateInitialSqrtPriceX96AtOneToOne() (gas: 8962)
InitialPriceCalculatorTest:testCalculateInitialSqrtPriceX96RevertOnZeroInput() (gas: 6094)
MemeverseDynamicFeeSimulation:testCPMM_HighFrequency() (gas: 14885578)
MemeverseDynamicFeeSimulation:testCPMM_Mixed_SameBlockBatchThenVictimSmall() (gas: 13736692)
MemeverseDynamicFeeSimulation:testCPMM_ObserveBatchRatio_Range() (gas: 255509442)
MemeverseDynamicFeeSimulation:testCPMM_RetailFlow_OneHour_Random1To5PerSecond_5PctTolerance() (gas: 692837956)
MemeverseLauncherPreviewFeesTest:testMintPOLToken_RevertsOnZeroInput() (gas: 232107)
MemeverseLauncherPreviewFeesTest:testMintPOLToken_RevertsWhenBeforeLocked() (gas: 106950)
MemeverseLauncherPreviewFeesTest:testMintPOLToken_WithAutoLiquidity_RefundsUnusedInputsAndMintsPol() (gas: 1981760)
MemeverseLauncherPreviewFeesTest:testMintPOLToken_WithExactLiquidity_RevertsWhenQuoteExceedsBudget() (gas: 563404)
MemeverseLauncherPreviewFeesTest:testMintPOLToken_WithExactLiquidity_UsesRouterQuoteAndMintsRequestedPol() (gas: 2031848)
MemeverseLauncherPreviewFeesTest:testPreviewAndRedeemShareTheSameFeeMapping() (gas: 856027)
MemeverseLauncherPreviewFeesTest:testPreviewGenesisMakerFees_MapsFeesCorrectly() (gas: 445350)
MemeverseLauncherPreviewFeesTest:testPreviewGenesisMakerFees_RevertsWhenNotLocked() (gas: 59729)
MemeverseLauncherPreviewFeesTest:testRedeemAndDistributeFees_ReturnsZeroWhenNoFees() (gas: 280928)
MemeverseLauncherPreviewFeesTest:testRedeemAndDistributeFees_RevertsWhenNotLocked() (gas: 64040)
MemeverseLauncherPreviewFeesTest:testRedeemAndDistributeFees_SameChainClaimsAndDistributesFees() (gas: 765546)
MemeverseLauncherPreviewFeesTest:testRedeemMemecoinLiquidity_BurnsPOLAndTransfersMemecoinLp() (gas: 1653728)
MemeverseLauncherPreviewFeesTest:testRedeemMemecoinLiquidity_RevertsOnZeroInput() (gas: 273961)
MemeverseLauncherPreviewFeesTest:testRedeemMemecoinLiquidity_RevertsWhenNotUnlocked() (gas: 234239)
MemeverseLauncherPreviewFeesTest:testRedeemPolLiquidity_RevertsWhenAlreadyRedeemed() (gas: 326777)
MemeverseLauncherPreviewFeesTest:testRedeemPolLiquidity_RevertsWhenNotUnlocked() (gas: 265541)
MemeverseLauncherPreviewFeesTest:testRedeemPolLiquidity_TransfersPolLpByGenesisShare() (gas: 1676409)
MemeverseLauncherRouterConfigTest:testSetMemeverseSwapRouterStoresAddress() (gas: 37466)
MemeverseSwapRouterInterfaceTest:testInterfaceSelectorsMatchRouter() (gas: 20711)
MemeverseSwapRouterPermit2Test:testAddLiquidityWithPermit2_OneErc20PlusNative() (gas: 2338214)
MemeverseSwapRouterPermit2Test:testAddLiquidityWithPermit2_RealPermit2CanonicalBatchWitnessExecutes() (gas: 475977)
MemeverseSwapRouterPermit2Test:testAddLiquidityWithPermit2_TokenMismatchReverts() (gas: 51270)
MemeverseSwapRouterPermit2Test:testAddLiquidityWithPermit2_TwoErc20Inputs() (gas: 771667)
MemeverseSwapRouterPermit2Test:testCreatePoolAndAddLiquidityWithPermit2() (gas: 4845769)
MemeverseSwapRouterPermit2Test:testCreatePoolAndAddLiquidityWithPermit2_InvalidBatchLengthReverts() (gas: 2483695)
MemeverseSwapRouterPermit2Test:testCreatePoolAndAddLiquidityWithPermit2_RealPermit2CanonicalBatchWitnessExecutes() (gas: 4603358)
MemeverseSwapRouterPermit2Test:testRemoveLiquidityWithPermit2() (gas: 946299)
MemeverseSwapRouterPermit2Test:testRemoveLiquidityWithPermit2_RealPermit2CanonicalWitnessExecutes() (gas: 672712)
MemeverseSwapRouterPermit2Test:testSwapWithPermit2_RealPermit2CanonicalWitnessExecutes() (gas: 758398)
MemeverseSwapRouterPermit2Test:testSwapWithPermit2_SoftFailRefundsUnusedInput() (gas: 877543)
MemeverseSwapRouterPermit2Test:testSwapWithPermit2_TransfersInputAndExecutes() (gas: 1117733)
MemeverseSwapRouterTest:testClaimableFees_ViewMatchesClaimAndDoesNotMutateState() (gas: 1127778)
MemeverseSwapRouterTest:testConstructor_RevertsWhenMaxAntiSnipeProbabilityBaseIsZero() (gas: 90490)
MemeverseSwapRouterTest:testConstructor_RevertsWhenTreasuryIsZeroAddress() (gas: 89493)
MemeverseSwapRouterTest:testPreviewSwap_ExactOutputInputSideIncludesFeeInUserInput() (gas: 116057)
MemeverseSwapRouterTest:testQuoteFailedAttempt_ExactOutputUsesEstimatedInputNotAmountInMaximum() (gas: 198890)
MemeverseSwapRouterTest:testQuoteSwap_WhenEmergencyFlagEnabled_ReturnsBaseFee() (gas: 183864)
MemeverseSwapRouterTest:testRequestSwapAttempt_IsPermissionless() (gas: 37823)
MemeverseSwapRouterTest:testRequestSwapAttempt_RevertsOnSecondSamePoolRequestInSameTx() (gas: 1901651)
MemeverseSwapRouterTest:testRouterClaimFees_UsesHookCoreWithSignature() (gas: 1153645)
MemeverseSwapRouterTest:testRouterCreatePoolAndAddLiquidity_UsesHookCore() (gas: 4511325)
MemeverseSwapRouterTest:testRouterGetHookPoolKey_ReturnsDynamicHookKey() (gas: 29076)
MemeverseSwapRouterTest:testRouterLiquiditySelectors_MatchInterface() (gas: 5206)
MemeverseSwapRouterTest:testRouterLpToken_ReturnsHookPoolLpTokenAddress() (gas: 37809)
MemeverseSwapRouterTest:testRouterPreviewClaimableFees_MatchesHookClaimableFees() (gas: 1086837)
MemeverseSwapRouterTest:testRouterQuoteAmountsForLiquidity_ReturnsRequiredPairAmounts() (gas: 50050)
MemeverseSwapRouterTest:testRouterQuoteSwap_ProxiesHookQuote() (gas: 179154)
MemeverseSwapRouterTest:testSetEmergencyFlag_EmitsEventAndUpdatesState() (gas: 42706)
MemeverseSwapRouterTest:testSetTreasury_RevertsOnZeroAddress() (gas: 14950)
MemeverseSwapRouterTest:testSoftFail_ChargesLpWhenInputIsNotProtocolCurrency() (gas: 752345)
MemeverseSwapRouterTest:testSoftFail_ChargesTreasuryWhenInputIsProtocolCurrency() (gas: 499274)
MemeverseSwapRouterTest:testSoftFail_NativeInputRefundsAttachedValue() (gas: 2079841)
MemeverseSwapRouterTest:testSoftFail_NonPayableCallerCanUseCustomNativeRefundRecipient() (gas: 2570858)
MemeverseSwapRouterTest:testSwapPass_AfterAntiSnipeWindow_SkipsAttemptRecording() (gas: 460206)
MemeverseSwapRouterTest:testSwapPass_NativeInputExactOutputExecutes() (gas: 2227788)
MemeverseSwapRouterTest:testSwapPass_OneForZeroExactInputExecutes() (gas: 700119)
MemeverseSwapRouterTest:testSwapPass_OneForZeroExactInput_OutputSideProtocolFee() (gas: 700738)
MemeverseSwapRouterTest:testSwapPass_OneForZeroExactOutputExecutesAndChargesInputFee() (gas: 638267)
MemeverseSwapRouterTest:testSwapPass_OneForZeroExactOutput_OutputSideProtocolFeeGrossesUp() (gas: 672360)
MemeverseSwapRouterTest:testSwapPass_RecordsAttemptAndExecutes() (gas: 708807)
MemeverseSwapRouterTest:testSwapPass_ZeroForOneExactInput_OutputSideProtocolFee() (gas: 702620)
MemeverseSwapRouterTest:testSwapPass_ZeroForOneExactOutputExecutesAndChargesInputFee() (gas: 637361)
MemeverseSwapRouterTest:testSwapPass_ZeroForOneExactOutput_OutputSideProtocolFeeGrossesUp() (gas: 670368)
MemeverseSwapRouterTest:testSwapReverts_WhenExactInputFallsBelowAmountOutMinimum() (gas: 673100)
MemeverseSwapRouterTest:testSwapReverts_WhenExactOutputExceedsAmountInMaximum() (gas: 604302)
MemeverseSwapRouterTest:testSwapReverts_WhenNativeProtocolFeeTreasuryCannotReceiveETH() (gas: 2212531)
MemeverseSwapRouterTest:testSwap_SupportsMultipleProtocolFeeCurrenciesAcrossPools() (gas: 2873001)
MemeverseUniswapHookLiquidityTest:testAddLiquidity_RevertsOnExcessNativeValue() (gas: 1699122)
MemeverseUniswapHookLiquidityTest:testAddLiquidity_SupportsNativeInput() (gas: 1925465)
MemeverseUniswapHookLiquidityTest:testAddLiquidity_UsesUnlockFlow() (gas: 346409)
MemeverseUniswapHookLiquidityTest:testRemoveLiquidity_SupportsNativeOutput() (gas: 2026877)
MemeverseUniswapHookLiquidityTest:testRemoveLiquidity_UsesOriginalSenderForTake() (gas: 456455)
MemeverseUniswapHookLiquidityTest:testRouterAddLiquidity_RefundsUnusedNativeBudget() (gas: 2031073)
MemeverseUniswapHookLiquidityTest:testRouterAddLiquidity_UsesHookCore() (gas: 482097)
MemeverseUniswapHookLiquidityTest:testRouterRemoveLiquidity_UsesHookCore() (gas: 658300)